#
# There is insufficient memory for the Java Runtime Environment to continue.
# Native memory allocation (mmap) failed to map 130023424 bytes. Error detail: G1 virtual space
# Possible reasons:
#   The system is out of physical RAM or swap space
#   This process is running with CompressedOops enabled, and the Java Heap may be blocking the growth of the native heap
# Possible solutions:
#   Reduce memory load on the system
#   Increase physical memory or swap space
#   Check if swap backing store is full
#   Decrease Java heap size (-Xmx/-Xms)
#   Decrease number of Java threads
#   Decrease Java thread stack sizes (-Xss)
#   Set larger code cache with -XX:ReservedCodeCacheSize=
#   JVM is running with Unscaled Compressed Oops mode in which the Java heap is
#     placed in the first 4GB address space. The Java Heap base address is the
#     maximum limit for the native heap growth. Please use -XX:HeapBaseMinAddress
#     to set the Java Heap base and to place the Java Heap above 4GB virtual address.
# This output file may be truncated or incomplete.
#
#  Out of Memory Error (os_windows.cpp:3631), pid=26756, tid=40732
#
# JRE version:  (22.0.2+9) (build )
# Java VM: Java HotSpot(TM) 64-Bit Server VM (22.0.2+9-70, mixed mode, sharing, tiered, compressed oops, compressed class ptrs, g1 gc, windows-amd64)
# No core dump will be written. Minidumps are not enabled by default on client versions of Windows
#

---------------  S U M M A R Y ------------

Command Line: -Dr.arch=/x64 -Xmx512m -Xrs -Xss2m 

Host: 12th Gen Intel(R) Core(TM) i5-12400, 12 cores, 7G,  Windows 11 , 64 bit Build 22621 (10.0.22621.5415)
Time: Sun May 17 17:23:39 2026 Sri Lanka Standard Time elapsed time: 0.006858 seconds (0d 0h 0m 0s)

---------------  T H R E A D  ---------------

Current thread (0x000002450a3fa0d0):  JavaThread "Unknown thread" [_thread_in_vm, id=40732, stack(0x0000006f29000000,0x0000006f2d000000) (65536K)]

Stack: [0x0000006f29000000,0x0000006f2d000000]
Native frames: (J=compiled Java code, j=interpreted, Vv=VM code, C=native code)
V  [jvm.dll+0x6e26e9]  (no source info available)
V  [jvm.dll+0x875753]  (no source info available)
V  [jvm.dll+0x877b7e]  (no source info available)
V  [jvm.dll+0x878253]  (no source info available)
V  [jvm.dll+0x27fc86]  (no source info available)
V  [jvm.dll+0x6ded85]  (no source info available)
V  [jvm.dll+0x6d388a]  (no source info available)
V  [jvm.dll+0x358b8a]  (no source info available)
V  [jvm.dll+0x3610b6]  (no source info available)
V  [jvm.dll+0x3b419e]  (no source info available)
V  [jvm.dll+0x3b4448]  (no source info available)
V  [jvm.dll+0x32c5ec]  (no source info available)
V  [jvm.dll+0x32d258]  (no source info available)
V  [jvm.dll+0x83d5ac]  (no source info available)
V  [jvm.dll+0x3c10d1]  (no source info available)
V  [jvm.dll+0x8264cc]  (no source info available)
V  [jvm.dll+0x45bd5e]  (no source info available)
V  [jvm.dll+0x45dbe1]  (no source info available)
C  [rJava.dll+0x75f4]  (no source info available)
C  [R.dll+0x22bc10]  (no source info available)
C  [R.dll+0xf11b8]  (no source info available)
C  [R.dll+0xfbe6b]  (no source info available)
C  [R.dll+0xfc15b]  (no source info available)
C  [R.dll+0x101282]  (no source info available)
C  [R.dll+0x10263f]  (no source info available)
C  [R.dll+0xfc36d]  (no source info available)
C  [R.dll+0xfdc23]  (no source info available)
C  [R.dll+0xf11b8]  (no source info available)
C  [R.dll+0xfbe6b]  (no source info available)
C  [R.dll+0xfc15b]  (no source info available)
C  [R.dll+0xfc975]  (no source info available)
C  [R.dll+0xfc75e]  (no source info available)
C  [R.dll+0xfffdb]  (no source info available)
C  [R.dll+0x13ef89]  (no source info available)
C  [R.dll+0xf1072]  (no source info available)
C  [R.dll+0xfbe6b]  (no source info available)
C  [R.dll+0xfc15b]  (no source info available)
C  [R.dll+0xfc975]  (no source info available)
C  [R.dll+0xfc75e]  (no source info available)
C  [R.dll+0xfc975]  (no source info available)
C  [R.dll+0xfcda0]  (no source info available)
C  [R.dll+0xf507d]  (no source info available)
C  [R.dll+0xfbe6b]  (no source info available)
C  [R.dll+0xfc15b]  (no source info available)
C  [R.dll+0x101282]  (no source info available)
C  [R.dll+0x10263f]  (no source info available)
C  [R.dll+0xfc36d]  (no source info available)
C  [R.dll+0xfdc23]  (no source info available)
C  [R.dll+0xf11b8]  (no source info available)
C  [R.dll+0xfbe6b]  (no source info available)
C  [R.dll+0xfc15b]  (no source info available)
C  [R.dll+0x101282]  (no source info available)
C  [R.dll+0x10263f]  (no source info available)
C  [R.dll+0xfc36d]  (no source info available)
C  [R.dll+0x101282]  (no source info available)
C  [R.dll+0x10263f]  (no source info available)
C  [R.dll+0xf135e]  (no source info available)
C  [R.dll+0xfbe6b]  (no source info available)
C  [R.dll+0xfc15b]  (no source info available)
C  [R.dll+0x101282]  (no source info available)
C  [R.dll+0x10263f]  (no source info available)
C  [R.dll+0xfc36d]  (no source info available)
C  [R.dll+0x105cfb]  (no source info available)
C  [R.dll+0xfc4aa]  (no source info available)
C  [R.dll+0xffc88]  (no source info available)
C  [R.dll+0xfc4aa]  (no source info available)
C  [R.dll+0x101282]  (no source info available)
C  [R.dll+0x10263f]  (no source info available)
C  [R.dll+0xf135e]  (no source info available)
C  [R.dll+0xfbe6b]  (no source info available)
C  [R.dll+0xfc15b]  (no source info available)
C  [R.dll+0x101282]  (no source info available)
C  [R.dll+0x10263f]  (no source info available)
C  [R.dll+0xfc36d]  (no source info available)
C  [R.dll+0x1288fd]  (no source info available)
C  [R.dll+0x128c70]  (no source info available)
C  [R.dll+0x128d12]  (no source info available)
C  [R.dll+0x128d5e]  (no source info available)
C  [Rscript.exe+0x15a9]  (no source info available)
C  [Rscript.exe+0x35fa]  (no source info available)
C  [Rscript.exe+0x12ee]  (no source info available)
C  [Rscript.exe+0x1406]  (no source info available)
C  [KERNEL32.DLL+0x1259d]  (no source info available)
C  [ntdll.dll+0x5af78]  (no source info available)


---------------  P R O C E S S  ---------------

Threads class SMR info:
_java_thread_list=0x00007ff87d0fc1c8, length=0, elements={
}

Java Threads: ( => current thread )
Total: 0

Other Threads:
  0x000002450a0d8a40 WorkerThread "GC Thread#0"                     [id=20420, stack(0x0000006f3d000000,0x0000006f41000000) (65536K)]
  0x00000245099e54c0 ConcurrentGCThread "G1 Main Marker"            [id=6604, stack(0x0000006f41000000,0x0000006f45000000) (65536K)]
  0x000002450a0d7bc0 WorkerThread "G1 Conc#0"                       [id=8308, stack(0x0000006f45000000,0x0000006f49000000) (65536K)]

[error occurred during error reporting (printing all threads), id 0xc0000005, EXCEPTION_ACCESS_VIOLATION (0xc0000005) at pc=0x00007ff87c84f517]
VM state: not at safepoint (not fully initialized)

VM Mutex/Monitor currently owned by a thread:  ([mutex/lock_event])
[0x00007ff87d17cc80] Heap_lock - owner thread: 0x000002450a3fa0d0

Heap address: 0x00000000e0000000, size: 512 MB, Compressed Oops mode: 32-bit

CDS archive(s) mapped at: [0x0000000000000000-0x0000000000000000-0x0000000000000000), size 0, SharedBaseAddress: 0x0000000800000000, ArchiveRelocationMode: 1.
Narrow klass base: 0x0000000000000000, Narrow klass shift: 0, Narrow klass range: 0x0

GC Precious Log:
 CardTable entry size: 512
 Card Set container configuration: InlinePtr #cards 5 size 8 Array Of Cards #cards 12 size 40 Howl #buckets 4 coarsen threshold 1843 Howl Bitmap #cards 512 size 80 coarsen threshold 460 Card regions per heap region 1 cards per card region 2048

Heap:
 garbage-first heap   total reserved 524288K, committed 0K, used 0K [0x00000000e0000000, 0x0000000100000000)
  region size 1024K, 0 young (0K), 0 survivors (0K)

[error occurred during error reporting (printing heap information), id 0xc0000005, EXCEPTION_ACCESS_VIOLATION (0xc0000005) at pc=0x00007ff87cc4e869]
GC Heap History (0 events):
No events

Dll operation events (1 events):
Event: 0.004 Loaded shared library C:\Program Files\Java\jdk-22\bin\java.dll

Deoptimization events (0 events):
No events

Classes loaded (0 events):
No events

Classes unloaded (0 events):
No events

Classes redefined (0 events):
No events

Internal exceptions (0 events):
No events

ZGC Phase Switch (0 events):
No events

VM Operations (0 events):
No events

Memory protections (0 events):
No events

Nmethod flushes (0 events):
No events

Events (0 events):
No events


Dynamic libraries:
0x00007ff73c020000 - 0x00007ff73c03f000 	C:\PROGRA~1\R\R-45~1.3\bin\x64\Rscript.exe
0x00007ff95a0f0000 - 0x00007ff95a308000 	C:\Windows\SYSTEM32\ntdll.dll
0x00007ff9589e0000 - 0x00007ff958aa4000 	C:\Windows\System32\KERNEL32.DLL
0x00007ff957410000 - 0x00007ff9577e3000 	C:\Windows\System32\KERNELBASE.dll
0x00007ff957870000 - 0x00007ff957981000 	C:\Windows\System32\ucrtbase.dll
0x00007ff892bd0000 - 0x00007ff8953c7000 	C:\PROGRA~1\R\R-45~1.3\bin\x64\R.dll
0x00007ff90f240000 - 0x00007ff90f2d6000 	C:\PROGRA~1\R\R-45~1.3\bin\x64\Rgraphapp.dll
0x00007ff958670000 - 0x00007ff958721000 	C:\Windows\System32\ADVAPI32.dll
0x00007ff958270000 - 0x00007ff958317000 	C:\Windows\System32\msvcrt.dll
0x00007ff959d90000 - 0x00007ff959e93000 	C:\Windows\System32\comdlg32.dll
0x00007ff958930000 - 0x00007ff9589d8000 	C:\Windows\System32\sechost.dll
0x00007ff957370000 - 0x00007ff95740a000 	C:\Windows\System32\msvcp_win.dll
0x00007ff94f4f0000 - 0x00007ff94f52a000 	C:\PROGRA~1\R\R-45~1.3\bin\x64\Rblas.dll
0x00007ff9491b0000 - 0x00007ff94944c000 	C:\Windows\WinSxS\amd64_microsoft.windows.common-controls_6595b64144ccf1df_6.0.22621.6060_none_2712eda17382d24b\COMCTL32.dll
0x00007ff957b00000 - 0x00007ff957b28000 	C:\Windows\System32\bcrypt.dll
0x00007ff9599f0000 - 0x00007ff959d81000 	C:\Windows\System32\combase.dll
0x00007ff958890000 - 0x00007ff9588b9000 	C:\Windows\System32\GDI32.dll
0x00007ff958550000 - 0x00007ff958668000 	C:\Windows\System32\RPCRT4.dll
0x00007ff957200000 - 0x00007ff957226000 	C:\Windows\System32\win32u.dll
0x00007ff9583a0000 - 0x00007ff958541000 	C:\Windows\System32\ole32.dll
0x00007ff957bf0000 - 0x00007ff957d0b000 	C:\Windows\System32\gdi32full.dll
0x00007ff958e40000 - 0x00007ff958f44000 	C:\Windows\System32\shcore.dll
0x00007ff958c80000 - 0x00007ff958e32000 	C:\Windows\System32\USER32.dll
0x00007ff9588c0000 - 0x00007ff958929000 	C:\Windows\System32\SHLWAPI.dll
0x00007ff958f70000 - 0x00007ff95980c000 	C:\Windows\System32\SHELL32.dll
0x00007ff959ff0000 - 0x00007ff95a021000 	C:\Windows\System32\IMM32.dll
0x00007ff957230000 - 0x00007ff95736f000 	C:\Windows\System32\wintypes.dll
0x00007ff9497e0000 - 0x00007ff9497e7000 	C:\Windows\SYSTEM32\MSIMG32.dll
0x00007ff94a1e0000 - 0x00007ff94a1ea000 	C:\Windows\SYSTEM32\VERSION.dll
0x00007ff9494e0000 - 0x00007ff949514000 	C:\Windows\SYSTEM32\WINMM.dll
0x00007ff92cd20000 - 0x00007ff92cd31000 	C:\PROGRA~1\R\R-45~1.3\bin\x64\Riconv.dll
0x00007ff954370000 - 0x00007ff954423000 	C:\Windows\system32\uxtheme.dll
0x00007ff92cca0000 - 0x00007ff92ccb4000 	C:\Program Files\R\R-4.5.3\library\methods\libs\x64\methods.dll
0x00007ff92c990000 - 0x00007ff92c9bb000 	C:\Program Files\R\R-4.5.3\library\utils\libs\x64\utils.dll
0x00007ff90cc50000 - 0x00007ff90d003000 	C:\Program Files\R\R-4.5.3\library\grDevices\libs\x64\grDevices.dll
0x00007ff92c7e0000 - 0x00007ff92c82d000 	C:\Program Files\R\R-4.5.3\library\graphics\libs\x64\graphics.dll
0x00007ff90e5a0000 - 0x00007ff90e640000 	C:\Program Files\R\R-4.5.3\library\stats\libs\x64\stats.dll
0x00007ff90c940000 - 0x00007ff90cc41000 	C:\PROGRA~1\R\R-45~1.3\bin\x64\Rlapack.dll
0x00007ff90e710000 - 0x00007ff90e73b000 	C:\Users\DELL\AppData\Local\R\win-library\4.5\digest\libs\x64\digest.dll
0x00007ff90f3d0000 - 0x00007ff90f415000 	C:\Users\DELL\AppData\Local\R\win-library\4.5\rlang\libs\x64\rlang.dll
0x00007ff90e7d0000 - 0x00007ff90e816000 	C:\Users\DELL\AppData\Local\R\win-library\4.5\cli\libs\x64\cli.dll
0x00007ff956180000 - 0x00007ff956198000 	C:\Windows\SYSTEM32\kernel.appcore.dll
0x00007ff90f550000 - 0x00007ff90f58b000 	C:\Users\DELL\AppData\Local\R\win-library\4.5\fastmap\libs\x64\fastmap.dll
0x00007ff926ea0000 - 0x00007ff926ead000 	C:\Users\DELL\AppData\Local\R\win-library\4.5\htmltools\libs\x64\htmltools.dll
0x00007ff952fe0000 - 0x00007ff952fed000 	C:\Users\DELL\AppData\Local\R\win-library\4.5\xfun\libs\x64\xfun.dll
0x00007ff924400000 - 0x00007ff924423000 	C:\Program Files\R\R-4.5.3\library\tools\libs\x64\tools.dll
0x00007ff90f520000 - 0x00007ff90f542000 	C:\Users\DELL\AppData\Local\R\win-library\4.5\jsonlite\libs\x64\jsonlite.dll
0x00007ff90e2f0000 - 0x00007ff90e31f000 	C:\Users\DELL\AppData\Local\R\win-library\4.5\yaml\libs\x64\yaml.dll
0x00007ff90bc60000 - 0x00007ff90bdcd000 	C:\Users\DELL\AppData\Local\R\win-library\4.5\vctrs\libs\x64\vctrs.dll
0x00007ff94f460000 - 0x00007ff94f46e000 	C:\Users\DELL\AppData\Local\R\win-library\4.5\glue\libs\x64\glue.dll
0x00007ff949a10000 - 0x00007ff949a1e000 	C:\Users\DELL\AppData\Local\R\win-library\4.5\magrittr\libs\x64\magrittr.dll
0x00007ff9499c0000 - 0x00007ff9499cd000 	C:\Users\DELL\AppData\Local\R\win-library\4.5\tibble\libs\x64\tibble.dll
0x00007ff92c8a0000 - 0x00007ff92c8dc000 	C:\Users\DELL\AppData\Local\R\win-library\4.5\dplyr\libs\x64\dplyr.dll
0x00007ff89e5e0000 - 0x00007ff89e837000 	C:\Users\DELL\AppData\Local\R\win-library\4.5\xml2\libs\x64\xml2.dll
0x00007ff95a030000 - 0x00007ff95a0a1000 	C:\Windows\System32\WS2_32.dll
0x00007ff908ff0000 - 0x00007ff909148000 	C:\Users\DELL\AppData\Local\R\win-library\4.5\Rcpp\libs\x64\Rcpp.dll
0x00007ff8f39f0000 - 0x00007ff8f3b10000 	C:\Users\DELL\AppData\Local\R\win-library\4.5\later\libs\x64\later.dll
0x00007ff90bb80000 - 0x00007ff90bc60000 	C:\Users\DELL\AppData\Local\R\win-library\4.5\processx\libs\x64\processx.dll
0x00007ff90f4f0000 - 0x00007ff90f51f000 	C:\Users\DELL\AppData\Local\R\win-library\4.5\ps\libs\x64\ps.dll
0x00007ff958380000 - 0x00007ff958388000 	C:\Windows\System32\PSAPI.DLL
0x00007ff955c80000 - 0x00007ff955cad000 	C:\Windows\SYSTEM32\IPHLPAPI.DLL
0x00007ff9243b0000 - 0x00007ff924400000 	C:\Windows\SYSTEM32\pdh.dll
0x00007ff955fb0000 - 0x00007ff955fc4000 	C:\Windows\SYSTEM32\WTSAPI32.dll
0x00007ff87d260000 - 0x00007ff87d9fc000 	C:\Users\DELL\AppData\Local\R\win-library\4.5\websocket\libs\x64\websocket.dll
0x00007ff957990000 - 0x00007ff957af8000 	C:\Windows\System32\CRYPT32.dll
0x00007ff89e1f0000 - 0x00007ff89e5dc000 	C:\Users\DELL\AppData\Local\R\win-library\4.5\stringi\libs\x64\stringi.dll
0x00007ff90eca0000 - 0x00007ff90ecf3000 	C:\Users\DELL\AppData\Local\R\win-library\4.5\png\libs\x64\png.dll
0x00007ff92cdb0000 - 0x00007ff92cdc8000 	C:\Users\DELL\AppData\Local\R\win-library\4.5\rJava\libs\x64\rJava.dll
0x00007ff87c510000 - 0x00007ff87d259000 	C:\Program Files\Java\jdk-22\bin\server\jvm.dll
0x00007ff956f20000 - 0x00007ff956f6d000 	C:\Windows\SYSTEM32\POWRPROF.dll
0x00007ff8ec560000 - 0x00007ff8ec57e000 	C:\Windows\SYSTEM32\VCRUNTIME140.dll
0x00007ff8eca90000 - 0x00007ff8eca9c000 	C:\Windows\SYSTEM32\VCRUNTIME140_1.dll
0x00007ff956f00000 - 0x00007ff956f13000 	C:\Windows\SYSTEM32\UMPDC.dll
0x00007ff8a8c00000 - 0x00007ff8a8d69000 	C:\Users\DELL\AppData\Local\R\win-library\4.5\readr\libs\x64\readr.dll
0x00007ff8f3820000 - 0x00007ff8f3942000 	C:\Users\DELL\AppData\Local\R\win-library\4.5\tzdb\libs\x64\tzdb.dll
0x00007ff949950000 - 0x00007ff94995a000 	C:\Program Files\Java\jdk-22\bin\jimage.dll
0x00007ff954b20000 - 0x00007ff954d53000 	C:\Windows\SYSTEM32\DBGHELP.DLL
0x00007ff958b30000 - 0x00007ff958c08000 	C:\Windows\System32\OLEAUT32.dll
0x00007ff92bac0000 - 0x00007ff92baf2000 	C:\Windows\SYSTEM32\dbgcore.DLL
0x00007ff9577f0000 - 0x00007ff95786b000 	C:\Windows\System32\bcryptPrimitives.dll
0x00007ff92ca50000 - 0x00007ff92ca6e000 	C:\Program Files\Java\jdk-22\bin\java.dll

dbghelp: loaded successfully - version: 4.0.5 - missing functions: none
symbol engine: initialized successfully - sym options: 0x614 - pdb path: .;C:\PROGRA~1\R\R-45~1.3\bin\x64;C:\Windows\SYSTEM32;C:\Windows\WinSxS\amd64_microsoft.windows.common-controls_6595b64144ccf1df_6.0.22621.6060_none_2712eda17382d24b;C:\Program Files\R\R-4.5.3\library\methods\libs\x64;C:\Program Files\R\R-4.5.3\library\utils\libs\x64;C:\Program Files\R\R-4.5.3\library\grDevices\libs\x64;C:\Program Files\R\R-4.5.3\library\graphics\libs\x64;C:\Program Files\R\R-4.5.3\library\stats\libs\x64;C:\Users\DELL\AppData\Local\R\win-library\4.5\digest\libs\x64;C:\Users\DELL\AppData\Local\R\win-library\4.5\rlang\libs\x64;C:\Users\DELL\AppData\Local\R\win-library\4.5\cli\libs\x64;C:\Users\DELL\AppData\Local\R\win-library\4.5\fastmap\libs\x64;C:\Users\DELL\AppData\Local\R\win-library\4.5\htmltools\libs\x64;C:\Users\DELL\AppData\Local\R\win-library\4.5\xfun\libs\x64;C:\Program Files\R\R-4.5.3\library\tools\libs\x64;C:\Users\DELL\AppData\Local\R\win-library\4.5\jsonlite\libs\x64;C:\Users\DELL\AppData\Local\R\win-library\4.5\yaml\libs\x64;C:\Users\DELL\AppData\Local\R\win-library\4.5\vctrs\libs\x64;C:\Users\DELL\AppData\Local\R\win-library\4.5\glue\libs\x64;C:\Users\DELL\AppData\Local\R\win-library\4.5\magrittr\libs\x64;C:\Users\DELL\AppData\Local\R\win-library\4.5\tibble\libs\x64;C:\Users\DELL\AppData\Local\R\win-library\4.5\dplyr\libs\x64;C:\Users\DELL\AppData\Local\R\win-library\4.5\xml2\libs\x64;C:\Users\DELL\AppData\Local\R\win-library\4.5\Rcpp\libs\x64;C:\Users\DELL\AppData\Local\R\win-library\4.5\later\libs\x64;C:\Users\DELL\AppData\Local\R\win-library\4.5\processx\libs\x64;C:\Users\DELL\AppData\Local\R\win-library\4.5\ps\libs\x64;C:\Users\DELL\AppData\Local\R\win-library\4.5\websocket\libs\x64;C:\Users\DELL\AppData\Local\R\win-library\4.5\stringi\libs\x64;C:\Users\DELL\AppData\Local\R\win-library\4.5\png\libs\x64;C:\Users\DELL\AppData\Local\R\win-library\4.5\rJava\libs\x64;C:\Program Files\Java\jdk-22\bin\server;C:\Users\DELL\AppData\Local\R\win-library\4.5\readr\libs\x64;C:\Users\DELL\AppData\Local\R\win-library\4.5\tzdb\libs\x64;C:\Program Files\Java\jdk-22\bin

VM Arguments:
jvm_args: -Dr.arch=/x64 -Xmx512m -Xrs -Xss2m 
java_command: <unknown>
java_class_path (initial): C:/Users/DELL/AppData/Local/R/win-library/4.5/rJava/java/boot
Launcher Type: generic

[Global flags]
     intx CICompilerCount                          = 4                                         {product} {ergonomic}
     uint ConcGCThreads                            = 3                                         {product} {ergonomic}
     uint G1ConcRefinementThreads                  = 10                                        {product} {ergonomic}
   size_t G1HeapRegionSize                         = 1048576                                   {product} {ergonomic}
   size_t InitialHeapSize                          = 130023424                                 {product} {ergonomic}
   size_t MarkStackSize                            = 4194304                                   {product} {ergonomic}
   size_t MaxHeapSize                              = 536870912                                 {product} {command line}
   size_t MinHeapDeltaBytes                        = 1048576                                   {product} {ergonomic}
   size_t MinHeapSize                              = 8388608                                   {product} {ergonomic}
    uintx NonNMethodCodeHeapSize                   = 5839372                                {pd product} {ergonomic}
    uintx NonProfiledCodeHeapSize                  = 122909434                              {pd product} {ergonomic}
    uintx ProfiledCodeHeapSize                     = 122909434                              {pd product} {ergonomic}
     bool ReduceSignalUsage                        = true                                      {product} {command line}
    uintx ReservedCodeCacheSize                    = 251658240                              {pd product} {ergonomic}
     bool SegmentedCodeCache                       = true                                      {product} {ergonomic}
   size_t SoftMaxHeapSize                          = 536870912                              {manageable} {ergonomic}
     intx ThreadStackSize                          = 2048                                   {pd product} {command line}
     bool UseCompressedOops                        = true                           {product lp64_product} {ergonomic}
     bool UseG1GC                                  = true                                      {product} {ergonomic}
     bool UseLargePagesIndividualAllocation        = false                                  {pd product} {ergonomic}

Logging:
Log output configuration:
 #0: stdout all=warning uptime,level,tags foldmultilines=false
 #1: stderr all=off uptime,level,tags foldmultilines=false

Environment Variables:
PATH=C:\rtools45/x86_64-w64-mingw32.static.posix/bin;C:\rtools45/usr/bin;C:\Users\DELL\bin;C:\Program Files\Git\mingw64\bin;C:\Program Files\Git\usr\local\bin;C:\Program Files\Git\usr\bin;C:\Program Files\Git\usr\bin;C:\Program Files\Git\mingw64\bin;C:\Program Files\Git\usr\bin;C:\Users\DELL\bin;C:\rtools45\x86_64-w64-mingw32.static.posix\bin;C:\rtools45\usr\bin;C:\Program Files\R\R-4.5.3\bin\x64;C:\Program Files\Common Files\Oracle\Java\javapath;C:\Program Files (x86)\Common Files\Oracle\Java\java8path;C:\Program Files (x86)\Common Files\Oracle\Java\javapath;C:\Windows\system32;C:\Windows;C:\Windows\System32\Wbem;C:\Windows\System32\WindowsPowerShell\v1.0;C:\Windows\System32\OpenSSH;C:\Program Files\Git LFS;C:\Program Files\Git\cmd;C:\Program Files (x86)\PDFtk\bin;C:\Program Files\dotnet;C:\Users\DELL\AppData\Local\Microsoft\WindowsApps;C:\Users\DELL\AppData\Roaming\TinyTeX\bin\windows;C:\Users\DELL\AppData\Local\Python\bin;C:\Program Files\RStudio\resources\app\bin\quarto\bin;C:\Program Files\RStudio\resources\app\bin\postback;C:\Program Files\Git\usr\bin;C:\Program Files\Git\usr\bin\vendor_perl;C:\Program Files\Git\usr\bin\core_perl
USERNAME=DELL
SHELL=C:\Program Files\Git\usr\bin\bash.exe
DISPLAY=needs-to-be-defined
LANG=en_US.UTF-8
TERM=xterm-256color
TMPDIR=C:\Users\DELL\AppData\Local\Temp
OS=Windows_NT
PROCESSOR_IDENTIFIER=Intel64 Family 6 Model 151 Stepping 5, GenuineIntel
TMP=C:\Users\DELL\AppData\Local\Temp
TEMP=C:\Users\DELL\AppData\Local\Temp




Periodic native trim disabled

---------------  S Y S T E M  ---------------

OS:
 Windows 11 , 64 bit Build 22621 (10.0.22621.5415)
OS uptime: 0 days 3:25 hours

CPU: total 12 (initial active 12) (6 cores per cpu, 2 threads per core) family 6 model 151 stepping 5 microcode 0x3e, cx8, cmov, fxsr, ht, mmx, 3dnowpref, sse, sse2, sse3, ssse3, sse4.1, sse4.2, popcnt, lzcnt, tsc, tscinvbit, avx, avx2, aes, erms, clmul, bmi1, bmi2, adx, sha, fma, vzeroupper, clflush, clflushopt, clwb, serialize, rdtscp, rdpid, fsrm, f16c, pku, cet_ibt, cet_ss
Processor Information for all 12 processors :
  Max Mhz: 2500, Current Mhz: 2500, Mhz Limit: 2500

Memory: 4k page, system-wide physical 7880M (471M free)
TotalPageFile size 20898M (AvailPageFile size 27M)
current process WorkingSet (physical memory assigned to process): 139M, peak: 139M
current process commit charge ("private bytes"): 225M, peak: 349M

vm_info: Java HotSpot(TM) 64-Bit Server VM (22.0.2+9-70) for windows-amd64 JRE (22.0.2+9-70), built on 2024-06-04T16:52:23Z by "mach5one" with MS VC++ 17.6 (VS2022)

END.
